90
0 179
1 118
2 178
3 143
4 33
5 117
6 36
7 83
8 127
9 101
10 98
11 43
12 49
13 78
14 97
15 67
16 175
17 170
18 47
19 124
20 150
21 180
22 140
23 57
24 125
25 116
26 167
27 144
28 112
29 131
30 136
31 166
32 130
34 105
35 69
37 107
38 155
39 141
40 66
41 92
42 46
44 84
45 128
48 114
50 172
51 137
52 163
53 169
54 89
55 153
56 76
58 68
59 168
60 82
61 147
62 119
63 95
64 173
65 93
70 148
71 109
72 158
73 156
74 151
75 174
77 103
79 134
80 139
81 164
85 171
86 132
87 106
88 133
90 120
91 135
94 165
96 145
99 154
100 149
102 129
104 142
108 176
110 157
111 159
113 138
115 121
122 146
123 161
126 177
152 160
