99
0 77
1 162
2 24
3 133
4 193
5 189
6 103
7 36
8 149
9 48
10 195
11 177
12 27
13 130
14 136
15 178
16 40
17 134
18 52
19 74
20 99
21 96
22 54
23 80
25 82
26 171
28 56
29 59
30 106
31 91
32 143
33 43
34 90
35 163
37 112
38 145
39 68
41 83
42 65
44 47
45 105
46 169
49 175
50 188
51 126
53 129
55 190
57 156
58 72
60 85
61 173
62 124
63 148
64 110
66 154
67 147
69 146
70 120
71 78
73 192
75 168
76 125
79 137
81 121
84 172
86 197
87 186
88 131
89 127
92 161
93 180
94 107
95 128
97 139
98 155
100 174
101 157
102 144
104 159
108 111
109 135
113 164
114 150
115 187
116 141
117 191
118 165
119 183
122 140
123 132
138 166
142 182
151 170
152 167
153 158
160 184
176 179
181 185
194 196
