61
10 152
13 47
15 199
19 57
21 40
23 276
32 471
36 274
49 456
56 363
63 207
64 132
71 138
72 406
73 109
77 103
80 135
87 232
90 319
96 470
108 367
113 237
115 395
120 243
127 189
130 222
134 158
136 147
143 228
154 380
173 302
174 263
179 430
181 427
184 479
185 463
198 477
202 434
211 220
212 239
224 233
227 375
240 333
241 275
255 310
256 394
267 376
281 359
316 374
318 340
344 390
351 353
365 439
368 382
371 489
392 423
393 476
410 433
413 483
451 492
452 498
