113
1 324
3 58
4 347
6 477
7 92
9 184
10 26
11 285
13 152
14 118
15 363
16 462
19 214
20 371
23 27
24 224
25 67
31 466
32 148
35 107
38 278
40 405
42 142
44 302
45 328
47 215
52 483
54 259
55 488
57 193
61 168
66 159
69 413
72 313
77 256
79 380
80 356
81 335
85 100
86 484
87 226
91 453
93 94
95 284
97 395
101 269
103 374
104 162
106 357
108 157
110 150
117 261
120 373
122 133
126 470
128 227
129 367
131 260
139 365
140 251
141 447
143 364
149 218
156 480
158 219
160 250
163 456
167 257
172 361
173 386
174 423
178 179
181 360
182 482
185 402
187 334
188 385
192 391
195 487
196 409
204 434
206 415
212 381
221 474
223 430
231 455
233 274
235 445
236 345
240 252
245 459
254 323
262 315
263 301
265 340
276 419
287 437
296 432
297 372
298 489
300 378
303 320
312 443
319 467
322 331
350 396
368 451
379 382
384 471
398 493
436 444
441 498
458 473
